===============================================================================
  KIZUNA MUSUBI LINKER — RELATÓRIO DE MAPA DE MEMÓRIA (MULTI-BANCO)
===============================================================================

Modo de Memória: Monobanco
Bancos Utilizados: [0]
Endereço Base:     0x0100
Ponto de Entrada:  0x0100
Tamanho do .COM:   377 bytes (0x0179)

--- SEGMENTOS ALOCADOS ---
[ 0] 0x0100 - 0x01EA | Banco:  0 | Tipo: CODE | Mod:  0 | Tam:   234 bytes
[ 1] 0x01EA - 0x0200 | Banco:  0 | Tipo: CODE | Mod:  1 | Tam:    22 bytes
[ 2] 0x0200 - 0x0215 | Banco:  0 | Tipo: CODE | Mod:  2 | Tam:    21 bytes
[ 3] 0x0215 - 0x022B | Banco:  0 | Tipo: CODE | Mod:  3 | Tam:    22 bytes
[ 4] 0x022B - 0x0273 | Banco:  0 | Tipo: CODE | Mod:  4 | Tam:    72 bytes
[ 5] 0x0273 - 0x0279 | Banco:  0 | Tipo: CODE | Mod:  5 | Tam:     6 bytes

--- TABELA GLOBAL DE SÍMBOLOS ---
0x0100 [Banco  0] PROC Start
0x017F [Banco  0] PROC StrLit_4
0x0183 [Banco  0] PROC StrLit_3
0x0187 [Banco  0] PROC StrLit_2
0x0194 [Banco  0] PROC StrLit_5
0x01BF [Banco  0] PROC StrLit_1
0x01E4 [Banco  0] PROC Var_a
0x01E6 [Banco  0] PROC Var_b
0x01E8 [Banco  0] PROC Var_c
0x01EA [Banco  0] PROC BDOS_PrintString
0x0200 [Banco  0] PROC Mul16
0x0215 [Banco  0] PROC BDOS_PrintChar
0x022B [Banco  0] PROC PrintDec16
0x0255 [Banco  0] PROC PrintDecDigit
0x0273 [Banco  0] PROC BDOS_Exit
