===============================================================================
  KIZUNA MUSUBI LINKER — RELATÓRIO DE MAPA DE MEMÓRIA (MULTI-BANCO)
===============================================================================

Modo de Memória: Monobanco
Bancos Utilizados: [0]
Endereço Base:     0x0100
Ponto de Entrada:  0x0100
Tamanho do .COM:   528 bytes (0x0210)

--- SEGMENTOS ALOCADOS ---
[ 0] 0x0100 - 0x01EA | Banco:  0 | Tipo: CODE | Mod:  0 | Tam:   234 bytes
[ 1] 0x01EA - 0x0290 | Banco:  0 | Tipo: CODE | Mod:  1 | Tam:   166 bytes
[ 2] 0x0290 - 0x02CE | Banco:  0 | Tipo: CODE | Mod:  2 | Tam:    62 bytes
[ 3] 0x02CE - 0x0310 | Banco:  0 | Tipo: CODE | Mod:  3 | Tam:    66 bytes

--- TABELA GLOBAL DE SÍMBOLOS ---
0x0100 [Banco  0] PROC Start
0x017F [Banco  0] PROC StrLit_1
0x01A4 [Banco  0] PROC StrLit_2
0x01B1 [Banco  0] PROC StrLit_3
0x01B5 [Banco  0] PROC StrLit_4
0x01B9 [Banco  0] PROC StrLit_5
0x01E4 [Banco  0] PROC Var_a
0x01E6 [Banco  0] PROC Var_b
0x01E8 [Banco  0] PROC Var_c
0x01EA [Banco  0] PROC StrLen
0x01F8 [Banco  0] PROC StrCopy
0x0208 [Banco  0] PROC StrToUpper
0x021F [Banco  0] PROC PrintHex8
0x022C [Banco  0] PROC PrintNibble
0x023D [Banco  0] PROC PrintHex16
0x0248 [Banco  0] PROC PrintDec16
0x0272 [Banco  0] PROC PrintDecDigit
0x0290 [Banco  0] PROC BDOS_Call
0x0294 [Banco  0] PROC BDOS_PrintChar
0x02AA [Banco  0] PROC BDOS_PrintString
0x02C0 [Banco  0] PROC BDOS_ReadChar
0x02C8 [Banco  0] PROC BDOS_Exit
0x02CE [Banco  0] PROC Mul16
0x02E3 [Banco  0] PROC Div16
