===============================================================================
  KIZUNA MUSUBI LINKER — RELATÓRIO DE MAPA DE MEMÓRIA (MULTI-BANCO)
===============================================================================

Modo de Memória: Monobanco
Bancos Utilizados: [0]
Endereço Base:     0x0100
Ponto de Entrada:  0x0100
Tamanho do .COM:   668 bytes (0x029C)

--- SEGMENTOS ALOCADOS ---
[ 0] 0x0100 - 0x01BB | Banco:  0 | Tipo: CODE | Mod:  0 | Tam:   187 bytes
[ 1] 0x01BB - 0x02F8 | Banco:  0 | Tipo: CODE | Mod:  1 | Tam:   317 bytes
[ 2] 0x02F8 - 0x035A | Banco:  0 | Tipo: CODE | Mod:  2 | Tam:    98 bytes
[ 3] 0x035A - 0x039C | Banco:  0 | Tipo: CODE | Mod:  3 | Tam:    66 bytes

--- TABELA GLOBAL DE SÍMBOLOS ---
0x0100 [Banco  0] PROC Start
0x013C [Banco  0] PROC Dobro
0x0168 [Banco  0] PROC Saudacao
0x018E [Banco  0] PROC StrLit_2
0x01A4 [Banco  0] PROC StrLit_1
0x01B9 [Banco  0] PROC Var_resultado
0x01BB [Banco  0] PROC StrLen
0x01C9 [Banco  0] PROC StrCopy
0x01D9 [Banco  0] PROC StrToUpper
0x01F0 [Banco  0] PROC PrintHex8
0x01FD [Banco  0] PROC PrintNibble
0x020E [Banco  0] PROC PrintHex16
0x0219 [Banco  0] PROC PrintDec16
0x0243 [Banco  0] PROC PrintDecDigit
0x0261 [Banco  0] PROC PrintDec16ToBuffer
0x0294 [Banco  0] PROC PrintDecDigitBuf
0x02AD [Banco  0] PROC PDTB_WriteChar
0x02C1 [Banco  0] PROC PDTB_BufPtr
0x02C3 [Banco  0] PROC PDTB_Count
0x02C4 [Banco  0] PROC StrCopyLen
0x02DC [Banco  0] PROC BDOS_PrintLenStr
0x02F8 [Banco  0] PROC BDOS_Call
0x02FC [Banco  0] PROC BDOS_PrintChar
0x0312 [Banco  0] PROC BDOS_PrintString
0x0328 [Banco  0] PROC BDOS_ReadChar
0x0330 [Banco  0] PROC BDOS_Exit
0x0336 [Banco  0] PROC BDOS_FileOpen
0x033C [Banco  0] PROC BDOS_FileCreate
0x0342 [Banco  0] PROC BDOS_FileClose
0x0348 [Banco  0] PROC BDOS_FileRead
0x034E [Banco  0] PROC BDOS_FileWrite
0x0354 [Banco  0] PROC BDOS_FileSeek
0x035A [Banco  0] PROC Mul16
0x036F [Banco  0] PROC Div16
