===============================================================================
  KIZUNA MUSUBI LINKER — RELATÓRIO DE MAPA DE MEMÓRIA (MULTI-BANCO)
===============================================================================

Modo de Memória: Monobanco
Bancos Utilizados: [0]
Endereço Base:     0x0100
Ponto de Entrada:  0x0100
Tamanho do .COM:   733 bytes (0x02DD)

--- SEGMENTOS ALOCADOS ---
[ 0] 0x0100 - 0x02B7 | Banco:  0 | Tipo: CODE | Mod:  0 | Tam:   439 bytes
[ 1] 0x02B7 - 0x035D | Banco:  0 | Tipo: CODE | Mod:  1 | Tam:   166 bytes
[ 2] 0x035D - 0x039B | Banco:  0 | Tipo: CODE | Mod:  2 | Tam:    62 bytes
[ 3] 0x039B - 0x03DD | Banco:  0 | Tipo: CODE | Mod:  3 | Tam:    66 bytes

--- TABELA GLOBAL DE SÍMBOLOS ---
0x0100 [Banco  0] PROC Start
0x0106 [Banco  0] PROC Main
0x0202 [Banco  0] PROC StrLit_1
0x022B [Banco  0] PROC StrLit_2
0x0254 [Banco  0] PROC StrLit_3
0x025A [Banco  0] PROC StrLit_4
0x0260 [Banco  0] PROC StrLit_5
0x027A [Banco  0] PROC StrLit_6
0x0298 [Banco  0] PROC StrLit_7
0x02B7 [Banco  0] PROC StrLen
0x02C5 [Banco  0] PROC StrCopy
0x02D5 [Banco  0] PROC StrToUpper
0x02EC [Banco  0] PROC PrintHex8
0x02F9 [Banco  0] PROC PrintNibble
0x030A [Banco  0] PROC PrintHex16
0x0315 [Banco  0] PROC PrintDec16
0x033F [Banco  0] PROC PrintDecDigit
0x035D [Banco  0] PROC BDOS_Call
0x0361 [Banco  0] PROC BDOS_PrintChar
0x0377 [Banco  0] PROC BDOS_PrintString
0x038D [Banco  0] PROC BDOS_ReadChar
0x0395 [Banco  0] PROC BDOS_Exit
0x039B [Banco  0] PROC Mul16
0x03B0 [Banco  0] PROC Div16
