===============================================================================
  KIZUNA MUSUBI LINKER — RELATÓRIO DE MAPA DE MEMÓRIA (MULTI-BANCO)
===============================================================================

Modo de Memória: Monobanco
Bancos Utilizados: [0]
Endereço Base:     0x0100
Ponto de Entrada:  0x0100
Tamanho do .COM:   627 bytes (0x0273)

--- SEGMENTOS ALOCADOS ---
[ 0] 0x0100 - 0x02B7 | Banco:  0 | Tipo: CODE | Mod:  0 | Tam:   439 bytes
[ 1] 0x02B7 - 0x02BD | Banco:  0 | Tipo: CODE | Mod:  1 | Tam:     6 bytes
[ 2] 0x02BD - 0x02D3 | Banco:  0 | Tipo: CODE | Mod:  2 | Tam:    22 bytes
[ 3] 0x02D3 - 0x02E9 | Banco:  0 | Tipo: CODE | Mod:  3 | Tam:    22 bytes
[ 4] 0x02E9 - 0x0316 | Banco:  0 | Tipo: CODE | Mod:  4 | Tam:    45 bytes
[ 5] 0x0316 - 0x032B | Banco:  0 | Tipo: CODE | Mod:  5 | Tam:    21 bytes
[ 6] 0x032B - 0x0373 | Banco:  0 | Tipo: CODE | Mod:  6 | Tam:    72 bytes

--- TABELA GLOBAL DE SÍMBOLOS ---
0x0100 [Banco  0] PROC Start
0x0106 [Banco  0] PROC Main
0x0202 [Banco  0] PROC StrLit_7
0x0221 [Banco  0] PROC StrLit_1
0x024A [Banco  0] PROC StrLit_2
0x0273 [Banco  0] PROC StrLit_3
0x0279 [Banco  0] PROC StrLit_4
0x027F [Banco  0] PROC StrLit_5
0x0299 [Banco  0] PROC StrLit_6
0x02B7 [Banco  0] PROC BDOS_Exit
0x02BD [Banco  0] PROC BDOS_PrintString
0x02D3 [Banco  0] PROC BDOS_PrintChar
0x02E9 [Banco  0] PROC Div16
0x0316 [Banco  0] PROC Mul16
0x032B [Banco  0] PROC PrintDec16
0x0355 [Banco  0] PROC PrintDecDigit
