===============================================================================
  KIZUNA MUSUBI LINKER — RELATÓRIO DE MAPA DE MEMÓRIA (MULTI-BANCO)
===============================================================================

Modo de Memória: Monobanco
Bancos Utilizados: [0]
Endereço Base:     0x0100
Ponto de Entrada:  0x0100
Tamanho do .COM:   2086 bytes (0x0826)

--- SEGMENTOS ALOCADOS ---
[ 0] 0x0100 - 0x03AD | Banco:  0 | Tipo: CODE | Mod:  0 | Tam:   685 bytes
[ 1] 0x03AD - 0x03EF | Banco:  0 | Tipo: CODE | Mod:  1 | Tam:    66 bytes
[ 2] 0x03EF - 0x0835 | Banco:  0 | Tipo: CODE | Mod:  2 | Tam:  1094 bytes
[ 3] 0x0835 - 0x0873 | Banco:  0 | Tipo: CODE | Mod:  3 | Tam:    62 bytes
[ 4] 0x0873 - 0x0926 | Banco:  0 | Tipo: CODE | Mod:  4 | Tam:   179 bytes

--- TABELA GLOBAL DE SÍMBOLOS ---
0x0100 [Banco  0] PROC Start
0x0106 [Banco  0] PROC Main
0x0130 [Banco  0] PROC Desenhar
0x0326 [Banco  0] PROC For_Start_1
0x033B [Banco  0] PROC For_Ok_3
0x0394 [Banco  0] PROC For_End_2
0x03AD [Banco  0] PROC Mul16
0x03C2 [Banco  0] PROC Div16
0x03EF [Banco  0] PROC VDP_WriteReg
0x03F5 [Banco  0] PROC VDP_WriteReg_Raw
0x0400 [Banco  0] PROC VDP_SetWriteAddr
0x040F [Banco  0] PROC VDP_SetReadAddr
0x041C [Banco  0] PROC VDP_FillVRAM
0x0438 [Banco  0] PROC VDP_WriteVRAM
0x044B [Banco  0] PROC VDP_ReadVRAM
0x0460 [Banco  0] PROC VDP_CopyVRAM
0x047E [Banco  0] PROC VDP_SetColor
0x0495 [Banco  0] PROC VDP_SetScreen
0x0498 [Banco  0] PROC VDP_InitScreen2
0x049D [Banco  0] PROC VDP_InitScreen0
0x04A1 [Banco  0] PROC VDP_InitScreen1
0x04A7 [Banco  0] PROC VDP_InitScreen2_Tables
0x0528 [Banco  0] PROC VDP_PSet
0x052E [Banco  0] PROC VDP_PSet_HW
0x056A [Banco  0] PROC VDP_CommandWait_Raw
0x0583 [Banco  0] PROC VDP_PSet_Raw
0x05C8 [Banco  0] PROC VDP_PSet_MaskDone
0x0637 [Banco  0] PROC VDP_PSet_ColorArg
0x0638 [Banco  0] PROC VDP_BoxFill
0x06DB [Banco  0] PROC VDP_Line
0x07AF [Banco  0] PROC VDP_Line_Loop
0x07F8 [Banco  0] PROC VDP_Line_CheckE2DX
0x0822 [Banco  0] PROC VDP_Line_Exit
0x0829 [Banco  0] PROC VDP_Line_H_End
0x082A [Banco  0] PROC VDP_Line_DX
0x082B [Banco  0] PROC VDP_Line_SX
0x082C [Banco  0] PROC VDP_Line_DY
0x082E [Banco  0] PROC VDP_Line_SY
0x082F [Banco  0] PROC VDP_Line_Err
0x0831 [Banco  0] PROC VDP_Line_E2
0x0833 [Banco  0] PROC VDP_Line_CurX
0x0834 [Banco  0] PROC VDP_Line_CurY
0x0835 [Banco  0] PROC BDOS_Call
0x0839 [Banco  0] PROC BDOS_PrintChar
0x084F [Banco  0] PROC BDOS_PrintString
0x0865 [Banco  0] PROC BDOS_ReadChar
0x086D [Banco  0] PROC BDOS_Exit
0x0873 [Banco  0] PROC BIOS_Call
0x0885 [Banco  0] PROC BIOS_CHPUT
0x0894 [Banco  0] PROC BIOS_CHGET
0x08BE [Banco  0] PROC BIOS_CLS
0x08C5 [Banco  0] PROC BIOS_POSIT
0x08C6 [Banco  0] PROC BIOS_BEEP
0x08D6 [Banco  0] PROC BIOS_INIT32
0x08DE [Banco  0] PROC BIOS_CHGMOD
