===============================================================================
  KIZUNA MUSUBI LINKER — RELATÓRIO DE MAPA DE MEMÓRIA (MULTI-BANCO)
===============================================================================

Modo de Memória: Monobanco
Bancos Utilizados: [0]
Endereço Base:     0x0100
Ponto de Entrada:  0x0100
Tamanho do .COM:   1762 bytes (0x06E2)

--- SEGMENTOS ALOCADOS ---
[ 0] 0x0100 - 0x03B0 | Banco:  0 | Tipo: CODE | Mod:  0 | Tam:   688 bytes
[ 1] 0x03B0 - 0x03DD | Banco:  0 | Tipo: CODE | Mod:  1 | Tam:    45 bytes
[ 2] 0x03DD - 0x03E3 | Banco:  0 | Tipo: CODE | Mod:  2 | Tam:     6 bytes
[ 3] 0x03E3 - 0x03E9 | Banco:  0 | Tipo: CODE | Mod:  3 | Tam:     6 bytes
[ 4] 0x03E9 - 0x0413 | Banco:  0 | Tipo: CODE | Mod:  4 | Tam:    42 bytes
[ 5] 0x0413 - 0x045B | Banco:  0 | Tipo: CODE | Mod:  5 | Tam:    72 bytes
[ 6] 0x045B - 0x0470 | Banco:  0 | Tipo: CODE | Mod:  6 | Tam:    21 bytes
[ 7] 0x0470 - 0x0525 | Banco:  0 | Tipo: CODE | Mod:  7 | Tam:   181 bytes
[ 8] 0x0525 - 0x05C8 | Banco:  0 | Tipo: CODE | Mod:  8 | Tam:   163 bytes
[ 9] 0x05C8 - 0x0649 | Banco:  0 | Tipo: CODE | Mod:  9 | Tam:   129 bytes
[10] 0x0649 - 0x065A | Banco:  0 | Tipo: CODE | Mod: 10 | Tam:    17 bytes
[11] 0x065A - 0x0676 | Banco:  0 | Tipo: CODE | Mod: 11 | Tam:    28 bytes
[12] 0x0676 - 0x0688 | Banco:  0 | Tipo: CODE | Mod: 12 | Tam:    18 bytes
[13] 0x0688 - 0x07E2 | Banco:  0 | Tipo: CODE | Mod: 13 | Tam:   346 bytes

--- TABELA GLOBAL DE SÍMBOLOS ---
0x0100 [Banco  0] PROC Start
0x0106 [Banco  0] PROC Main
0x0130 [Banco  0] PROC Desenhar
0x0326 [Banco  0] PROC For_Start_1
0x033E [Banco  0] PROC For_LT_5
0x033E [Banco  0] PROC For_Body_3
0x0397 [Banco  0] PROC For_End_2
0x03B0 [Banco  0] PROC Div16
0x03DD [Banco  0] PROC BDOS_Exit
0x03E3 [Banco  0] PROC VDP_PSet
0x03E9 [Banco  0] PROC BIOS_CHGET
0x0413 [Banco  0] PROC BIOS_CHGMOD
0x045B [Banco  0] PROC Mul16
0x0470 [Banco  0] PROC VDP_PSet_Raw
0x04B5 [Banco  0] PROC VDP_PSet_MaskDone
0x0524 [Banco  0] PROC VDP_PSet_ColorArg
0x0525 [Banco  0] PROC VDP_BoxFill
0x05C8 [Banco  0] PROC VDP_InitScreen2_Tables
0x0649 [Banco  0] PROC VDP_WriteReg
0x064F [Banco  0] PROC VDP_WriteReg_Raw
0x065A [Banco  0] PROC VDP_FillVRAM
0x0676 [Banco  0] PROC BIOS_Call
0x0688 [Banco  0] PROC VDP_Line
0x075C [Banco  0] PROC VDP_Line_Loop
0x07A5 [Banco  0] PROC VDP_Line_CheckE2DX
0x07CF [Banco  0] PROC VDP_Line_Exit
0x07D6 [Banco  0] PROC VDP_Line_H_End
0x07D7 [Banco  0] PROC VDP_Line_DX
0x07D8 [Banco  0] PROC VDP_Line_SX
0x07D9 [Banco  0] PROC VDP_Line_DY
0x07DB [Banco  0] PROC VDP_Line_SY
0x07DC [Banco  0] PROC VDP_Line_Err
0x07DE [Banco  0] PROC VDP_Line_E2
0x07E0 [Banco  0] PROC VDP_Line_CurX
0x07E1 [Banco  0] PROC VDP_Line_CurY
