===============================================================================
  KIZUNA MUSUBI LINKER — RELATÓRIO DE MAPA DE MEMÓRIA (MULTI-BANCO)
===============================================================================

Modo de Memória: Monobanco
Bancos Utilizados: [0]
Endereço Base:     0x0100
Ponto de Entrada:  0x0100
Tamanho do .COM:   2530 bytes (0x09E2)

--- SEGMENTOS ALOCADOS ---
[ 0] 0x0100 - 0x02BC | Banco:  0 | Tipo: CODE | Mod:  0 | Tam:   444 bytes
[ 1] 0x02BC - 0x031E | Banco:  0 | Tipo: CODE | Mod:  1 | Tam:    98 bytes
[ 2] 0x031E - 0x045B | Banco:  0 | Tipo: CODE | Mod:  2 | Tam:   317 bytes
[ 3] 0x045B - 0x050E | Banco:  0 | Tipo: CODE | Mod:  3 | Tam:   179 bytes
[ 4] 0x050E - 0x09DD | Banco:  0 | Tipo: CODE | Mod:  4 | Tam:  1231 bytes
[ 5] 0x09DD - 0x0AE2 | Banco:  0 | Tipo: CODE | Mod:  5 | Tam:   261 bytes

--- TABELA GLOBAL DE SÍMBOLOS ---
0x0100 [Banco  0] PROC Start
0x0106 [Banco  0] PROC Main
0x0215 [Banco  0] PROC StrLit_7
0x0241 [Banco  0] PROC SpritePattern_1
0x0261 [Banco  0] PROC PlaySeq_2
0x0272 [Banco  0] PROC FilePath_3
0x027C [Banco  0] PROC FileStr_4
0x0296 [Banco  0] PROC FileStr_5
0x029F [Banco  0] PROC FileStr_6
0x02AE [Banco  0] PROC DGN_Sprite_Idx
0x02AF [Banco  0] PROC DGN_Sprite_X
0x02B0 [Banco  0] PROC DGN_Sprite_Y
0x02B1 [Banco  0] PROC DGN_Sprite_Pattern
0x02B2 [Banco  0] PROC DGN_Sprite_Color
0x02B3 [Banco  0] PROC DGN_FileHandle_1
0x02B4 [Banco  0] PROC DGN_FileNumBuf
0x02BA [Banco  0] PROC DGN_CRLF
0x02BC [Banco  0] PROC BDOS_Call
0x02C0 [Banco  0] PROC BDOS_PrintChar
0x02D6 [Banco  0] PROC BDOS_PrintString
0x02EC [Banco  0] PROC BDOS_ReadChar
0x02F4 [Banco  0] PROC BDOS_Exit
0x02FA [Banco  0] PROC BDOS_FileOpen
0x0300 [Banco  0] PROC BDOS_FileCreate
0x0306 [Banco  0] PROC BDOS_FileClose
0x030C [Banco  0] PROC BDOS_FileRead
0x0312 [Banco  0] PROC BDOS_FileWrite
0x0318 [Banco  0] PROC BDOS_FileSeek
0x031E [Banco  0] PROC StrLen
0x032C [Banco  0] PROC StrCopy
0x033C [Banco  0] PROC StrToUpper
0x0353 [Banco  0] PROC PrintHex8
0x0360 [Banco  0] PROC PrintNibble
0x0371 [Banco  0] PROC PrintHex16
0x037C [Banco  0] PROC PrintDec16
0x03A6 [Banco  0] PROC PrintDecDigit
0x03C4 [Banco  0] PROC PrintDec16ToBuffer
0x03F7 [Banco  0] PROC PrintDecDigitBuf
0x0410 [Banco  0] PROC PDTB_WriteChar
0x0424 [Banco  0] PROC PDTB_BufPtr
0x0426 [Banco  0] PROC PDTB_Count
0x0427 [Banco  0] PROC StrCopyLen
0x043F [Banco  0] PROC BDOS_PrintLenStr
0x045B [Banco  0] PROC BIOS_Call
0x046D [Banco  0] PROC BIOS_CHPUT
0x047C [Banco  0] PROC BIOS_CHGET
0x04A6 [Banco  0] PROC BIOS_CLS
0x04AD [Banco  0] PROC BIOS_POSIT
0x04AE [Banco  0] PROC BIOS_BEEP
0x04BE [Banco  0] PROC BIOS_INIT32
0x04C6 [Banco  0] PROC BIOS_CHGMOD
0x050E [Banco  0] PROC VDP_WriteReg
0x0514 [Banco  0] PROC VDP_WriteReg_Raw
0x051F [Banco  0] PROC VDP_SetWriteAddr
0x052E [Banco  0] PROC VDP_SetReadAddr
0x053B [Banco  0] PROC VDP_FillVRAM
0x0557 [Banco  0] PROC VDP_WriteVRAM
0x056A [Banco  0] PROC VDP_ReadVRAM
0x057F [Banco  0] PROC VDP_CopyVRAM
0x059D [Banco  0] PROC VDP_SetColor
0x05B4 [Banco  0] PROC VDP_SetScreen
0x05B7 [Banco  0] PROC VDP_InitScreen2
0x05BC [Banco  0] PROC VDP_InitScreen0
0x05C0 [Banco  0] PROC VDP_InitScreen1
0x05C6 [Banco  0] PROC VDP_InitScreen2_Tables
0x0647 [Banco  0] PROC VDP_PSet
0x064D [Banco  0] PROC VDP_PSet_HW
0x0689 [Banco  0] PROC VDP_CommandWait_Raw
0x06A2 [Banco  0] PROC VDP_PSet_Raw
0x06E7 [Banco  0] PROC VDP_PSet_MaskDone
0x0756 [Banco  0] PROC VDP_PSet_ColorArg
0x0757 [Banco  0] PROC VDP_BoxFill
0x07FA [Banco  0] PROC VDP_Line
0x08CE [Banco  0] PROC VDP_Line_Loop
0x0917 [Banco  0] PROC VDP_Line_CheckE2DX
0x0941 [Banco  0] PROC VDP_Line_Exit
0x0948 [Banco  0] PROC VDP_Line_H_End
0x0949 [Banco  0] PROC VDP_Line_DX
0x094A [Banco  0] PROC VDP_Line_SX
0x094B [Banco  0] PROC VDP_Line_DY
0x094D [Banco  0] PROC VDP_Line_SY
0x094E [Banco  0] PROC VDP_Line_Err
0x0950 [Banco  0] PROC VDP_Line_E2
0x0952 [Banco  0] PROC VDP_Line_CurX
0x0953 [Banco  0] PROC VDP_Line_CurY
0x0954 [Banco  0] PROC VDP_SpriteDefine
0x0965 [Banco  0] PROC VDP_SpriteSet
0x09A2 [Banco  0] PROC VDP_Sprite_Idx
0x09A3 [Banco  0] PROC VDP_Sprite_X
0x09A4 [Banco  0] PROC VDP_Sprite_Y
0x09A5 [Banco  0] PROC VDP_Sprite_Pat
0x09A6 [Banco  0] PROC VDP_Sprite_Color
0x09A7 [Banco  0] PROC VDP_SpriteHide
0x09C3 [Banco  0] PROC VDP_SpriteHideAll
0x09D6 [Banco  0] PROC VDP_SpriteSetSize
0x09DD [Banco  0] PROC PSG_Write
0x09E3 [Banco  0] PROC PSG_Read
0x09E8 [Banco  0] PROC PSG_MuteAll
0x0A05 [Banco  0] PROC PSG_PlayTone
0x0A3C [Banco  0] PROC PSG_NoteTable
0x0AB4 [Banco  0] PROC PSG_PlayNoteIndexed
0x0AC8 [Banco  0] PROC PSG_PlaySequence
