===============================================================================
  KIZUNA MUSUBI LINKER — RELATÓRIO DE MAPA DE MEMÓRIA (MULTI-BANCO)
===============================================================================

Modo de Memória: Monobanco
Bancos Utilizados: [0]
Endereço Base:     0x0100
Ponto de Entrada:  0x0100
Tamanho do .COM:   2530 bytes (0x09E2)

--- SEGMENTOS ALOCADOS ---
[ 0] 0x0100 - 0x02BC | Banco:  0 | Tipo: CODE | Mod:  0 | Tam:   444 bytes
[ 1] 0x02BC - 0x03C1 | Banco:  0 | Tipo: CODE | Mod:  1 | Tam:   261 bytes
[ 2] 0x03C1 - 0x0423 | Banco:  0 | Tipo: CODE | Mod:  2 | Tam:    98 bytes
[ 3] 0x0423 - 0x0560 | Banco:  0 | Tipo: CODE | Mod:  3 | Tam:   317 bytes
[ 4] 0x0560 - 0x0A2F | Banco:  0 | Tipo: CODE | Mod:  4 | Tam:  1231 bytes
[ 5] 0x0A2F - 0x0AE2 | Banco:  0 | Tipo: CODE | Mod:  5 | Tam:   179 bytes

--- TABELA GLOBAL DE SÍMBOLOS ---
0x0100 [Banco  0] PROC Start
0x0106 [Banco  0] PROC Main
0x0215 [Banco  0] PROC StrLit_7
0x0241 [Banco  0] PROC SpritePattern_1
0x0261 [Banco  0] PROC PlaySeq_2
0x0272 [Banco  0] PROC FilePath_3
0x027C [Banco  0] PROC FileStr_4
0x0296 [Banco  0] PROC FileStr_5
0x029F [Banco  0] PROC FileStr_6
0x02AE [Banco  0] PROC DGN_Sprite_Idx
0x02AF [Banco  0] PROC DGN_Sprite_X
0x02B0 [Banco  0] PROC DGN_Sprite_Y
0x02B1 [Banco  0] PROC DGN_Sprite_Pattern
0x02B2 [Banco  0] PROC DGN_Sprite_Color
0x02B3 [Banco  0] PROC DGN_FileHandle_1
0x02B4 [Banco  0] PROC DGN_FileNumBuf
0x02BA [Banco  0] PROC DGN_CRLF
0x02BC [Banco  0] PROC PSG_Write
0x02C2 [Banco  0] PROC PSG_Read
0x02C7 [Banco  0] PROC PSG_MuteAll
0x02E4 [Banco  0] PROC PSG_PlayTone
0x031B [Banco  0] PROC PSG_NoteTable
0x0393 [Banco  0] PROC PSG_PlayNoteIndexed
0x03A7 [Banco  0] PROC PSG_PlaySequence
0x03C1 [Banco  0] PROC BDOS_Call
0x03C5 [Banco  0] PROC BDOS_PrintChar
0x03DB [Banco  0] PROC BDOS_PrintString
0x03F1 [Banco  0] PROC BDOS_ReadChar
0x03F9 [Banco  0] PROC BDOS_Exit
0x03FF [Banco  0] PROC BDOS_FileOpen
0x0405 [Banco  0] PROC BDOS_FileCreate
0x040B [Banco  0] PROC BDOS_FileClose
0x0411 [Banco  0] PROC BDOS_FileRead
0x0417 [Banco  0] PROC BDOS_FileWrite
0x041D [Banco  0] PROC BDOS_FileSeek
0x0423 [Banco  0] PROC StrLen
0x0431 [Banco  0] PROC StrCopy
0x0441 [Banco  0] PROC StrToUpper
0x0458 [Banco  0] PROC PrintHex8
0x0465 [Banco  0] PROC PrintNibble
0x0476 [Banco  0] PROC PrintHex16
0x0481 [Banco  0] PROC PrintDec16
0x04AB [Banco  0] PROC PrintDecDigit
0x04C9 [Banco  0] PROC PrintDec16ToBuffer
0x04FC [Banco  0] PROC PrintDecDigitBuf
0x0515 [Banco  0] PROC PDTB_WriteChar
0x0529 [Banco  0] PROC PDTB_BufPtr
0x052B [Banco  0] PROC PDTB_Count
0x052C [Banco  0] PROC StrCopyLen
0x0544 [Banco  0] PROC BDOS_PrintLenStr
0x0560 [Banco  0] PROC VDP_WriteReg
0x0566 [Banco  0] PROC VDP_WriteReg_Raw
0x0571 [Banco  0] PROC VDP_SetWriteAddr
0x0580 [Banco  0] PROC VDP_SetReadAddr
0x058D [Banco  0] PROC VDP_FillVRAM
0x05A9 [Banco  0] PROC VDP_WriteVRAM
0x05BC [Banco  0] PROC VDP_ReadVRAM
0x05D1 [Banco  0] PROC VDP_CopyVRAM
0x05EF [Banco  0] PROC VDP_SetColor
0x0606 [Banco  0] PROC VDP_SetScreen
0x0609 [Banco  0] PROC VDP_InitScreen2
0x060E [Banco  0] PROC VDP_InitScreen0
0x0612 [Banco  0] PROC VDP_InitScreen1
0x0618 [Banco  0] PROC VDP_InitScreen2_Tables
0x0699 [Banco  0] PROC VDP_PSet
0x069F [Banco  0] PROC VDP_PSet_HW
0x06DB [Banco  0] PROC VDP_CommandWait_Raw
0x06F4 [Banco  0] PROC VDP_PSet_Raw
0x0739 [Banco  0] PROC VDP_PSet_MaskDone
0x07A8 [Banco  0] PROC VDP_PSet_ColorArg
0x07A9 [Banco  0] PROC VDP_BoxFill
0x084C [Banco  0] PROC VDP_Line
0x0920 [Banco  0] PROC VDP_Line_Loop
0x0969 [Banco  0] PROC VDP_Line_CheckE2DX
0x0993 [Banco  0] PROC VDP_Line_Exit
0x099A [Banco  0] PROC VDP_Line_H_End
0x099B [Banco  0] PROC VDP_Line_DX
0x099C [Banco  0] PROC VDP_Line_SX
0x099D [Banco  0] PROC VDP_Line_DY
0x099F [Banco  0] PROC VDP_Line_SY
0x09A0 [Banco  0] PROC VDP_Line_Err
0x09A2 [Banco  0] PROC VDP_Line_E2
0x09A4 [Banco  0] PROC VDP_Line_CurX
0x09A5 [Banco  0] PROC VDP_Line_CurY
0x09A6 [Banco  0] PROC VDP_SpriteDefine
0x09B7 [Banco  0] PROC VDP_SpriteSet
0x09F4 [Banco  0] PROC VDP_Sprite_Idx
0x09F5 [Banco  0] PROC VDP_Sprite_X
0x09F6 [Banco  0] PROC VDP_Sprite_Y
0x09F7 [Banco  0] PROC VDP_Sprite_Pat
0x09F8 [Banco  0] PROC VDP_Sprite_Color
0x09F9 [Banco  0] PROC VDP_SpriteHide
0x0A15 [Banco  0] PROC VDP_SpriteHideAll
0x0A28 [Banco  0] PROC VDP_SpriteSetSize
0x0A2F [Banco  0] PROC BIOS_Call
0x0A41 [Banco  0] PROC BIOS_CHPUT
0x0A50 [Banco  0] PROC BIOS_CHGET
0x0A7A [Banco  0] PROC BIOS_CLS
0x0A81 [Banco  0] PROC BIOS_POSIT
0x0A82 [Banco  0] PROC BIOS_BEEP
0x0A92 [Banco  0] PROC BIOS_INIT32
0x0A9A [Banco  0] PROC BIOS_CHGMOD
