===============================================================================
  KIZUNA MUSUBI LINKER — RELATÓRIO DE MAPA DE MEMÓRIA (MULTI-BANCO)
===============================================================================

Modo de Memória: Monobanco
Bancos Utilizados: [0]
Endereço Base:     0x0100
Ponto de Entrada:  0x0100
Tamanho do .COM:   1151 bytes (0x047F)

--- SEGMENTOS ALOCADOS ---
[ 0] 0x0100 - 0x03E0 | Banco:  0 | Tipo: CODE | Mod:  0 | Tam:   736 bytes
[ 1] 0x03E0 - 0x051D | Banco:  0 | Tipo: CODE | Mod:  1 | Tam:   317 bytes
[ 2] 0x051D - 0x057F | Banco:  0 | Tipo: CODE | Mod:  2 | Tam:    98 bytes

--- TABELA GLOBAL DE SÍMBOLOS ---
0x0100 [Banco  0] PROC Start
0x0106 [Banco  0] PROC Main
0x01B1 [Banco  0] PROC StrLit_1
0x01B8 [Banco  0] PROC StrLit_2
0x01C4 [Banco  0] PROC SglLit_3
0x01C8 [Banco  0] PROC DblLit_4
0x01D0 [Banco  0] PROC Global_altura_sgl
0x01D4 [Banco  0] PROC Global_idade_int
0x01D6 [Banco  0] PROC Global_nome_str
0x02D6 [Banco  0] PROC Global_permissoes_int
0x02D8 [Banco  0] PROC Global_pi_dbl
0x02E0 [Banco  0] PROC Global_saudacao_str
0x03E0 [Banco  0] PROC StrLen
0x03EE [Banco  0] PROC StrCopy
0x03FE [Banco  0] PROC StrToUpper
0x0415 [Banco  0] PROC PrintHex8
0x0422 [Banco  0] PROC PrintNibble
0x0433 [Banco  0] PROC PrintHex16
0x043E [Banco  0] PROC PrintDec16
0x0468 [Banco  0] PROC PrintDecDigit
0x0486 [Banco  0] PROC PrintDec16ToBuffer
0x04B9 [Banco  0] PROC PrintDecDigitBuf
0x04D2 [Banco  0] PROC PDTB_WriteChar
0x04E6 [Banco  0] PROC PDTB_BufPtr
0x04E8 [Banco  0] PROC PDTB_Count
0x04E9 [Banco  0] PROC StrCopyLen
0x0501 [Banco  0] PROC BDOS_PrintLenStr
0x051D [Banco  0] PROC BDOS_Call
0x0521 [Banco  0] PROC BDOS_PrintChar
0x0537 [Banco  0] PROC BDOS_PrintString
0x054D [Banco  0] PROC BDOS_ReadChar
0x0555 [Banco  0] PROC BDOS_Exit
0x055B [Banco  0] PROC BDOS_FileOpen
0x0561 [Banco  0] PROC BDOS_FileCreate
0x0567 [Banco  0] PROC BDOS_FileClose
0x056D [Banco  0] PROC BDOS_FileRead
0x0573 [Banco  0] PROC BDOS_FileWrite
0x0579 [Banco  0] PROC BDOS_FileSeek
