===============================================================================
  KIZUNA MUSUBI LINKER — RELATÓRIO DE MAPA DE MEMÓRIA (MULTI-BANCO)
===============================================================================

Modo de Memória: Monobanco
Bancos Utilizados: [0]
Endereço Base:     0x0100
Ponto de Entrada:  0x0100
Tamanho do .COM:   460 bytes (0x01CC)

--- SEGMENTOS ALOCADOS ---
[ 0] 0x0100 - 0x02AE | Banco:  0 | Tipo: CODE | Mod:  0 | Tam:   430 bytes
[ 1] 0x02AE - 0x02B4 | Banco:  0 | Tipo: CODE | Mod:  1 | Tam:     6 bytes
[ 2] 0x02B4 - 0x02BA | Banco:  0 | Tipo: CODE | Mod:  2 | Tam:     6 bytes
[ 3] 0x02BA - 0x02C0 | Banco:  0 | Tipo: CODE | Mod:  3 | Tam:     6 bytes
[ 4] 0x02C0 - 0x02C6 | Banco:  0 | Tipo: CODE | Mod:  4 | Tam:     6 bytes
[ 5] 0x02C6 - 0x02CC | Banco:  0 | Tipo: CODE | Mod:  5 | Tam:     6 bytes

--- TABELA GLOBAL DE SÍMBOLOS ---
0x0100 [Banco  0] PROC Start
0x0181 [Banco  0] PROC MsgIntro
0x01B2 [Banco  0] PROC MsgRead
0x01DA [Banco  0] PROC MsgDone
0x01F5 [Banco  0] PROC MsgError
0x0211 [Banco  0] PROC FileName
0x021A [Banco  0] PROC WriteBuf
0x025C [Banco  0] PROC Handle
0x025D [Banco  0] PROC ReadBuf
0x02AE [Banco  0] PROC BDOS_FileCreate
0x02B4 [Banco  0] PROC BDOS_FileWrite
0x02BA [Banco  0] PROC BDOS_FileClose
0x02C0 [Banco  0] PROC BDOS_FileOpen
0x02C6 [Banco  0] PROC BDOS_FileRead
