===============================================================================
  KIZUNA MUSUBI LINKER — RELATÓRIO DE MAPA DE MEMÓRIA (MULTI-BANCO)
===============================================================================

Modo de Memória: Multi-Banco (Memory Mapper)
Bancos Utilizados: [0 2]
Endereço Base:     0x0100
Ponto de Entrada:  0x0168
Tamanho do .COM:   2399 bytes (0x095F)

--- SEGMENTOS ALOCADOS ---
[ 0] 0x0100 - 0x0168 | Banco:  0 | Tipo: CODE | Mod: -2 | Tam:   104 bytes
[ 1] 0x0168 - 0x018E | Banco:  0 | Tipo: CODE | Mod:  0 | Tam:    38 bytes
[ 2] 0x018E - 0x01C6 | Banco:  0 | Tipo: CODE | Mod:  2 | Tam:    56 bytes
[ 3] 0x01C6 - 0x0228 | Banco:  0 | Tipo: CODE | Mod:  4 | Tam:    98 bytes
[ 4] 0x0228 - 0x0365 | Banco:  0 | Tipo: CODE | Mod:  5 | Tam:   317 bytes
[ 5] 0x0365 - 0x03A7 | Banco:  0 | Tipo: CODE | Mod:  6 | Tam:    66 bytes
[ 6] 0x03A7 - 0x045A | Banco:  0 | Tipo: CODE | Mod:  7 | Tam:   179 bytes
[ 7] 0x045A - 0x0929 | Banco:  0 | Tipo: CODE | Mod:  8 | Tam:  1231 bytes
[ 8] 0x0929 - 0x0973 | Banco:  0 | Tipo: DATA | Mod:  3 | Tam:    74 bytes
[ 9] 0x8000 - 0x80C4 | Banco:  2 | Tipo: CODE | Mod:  1 | Tam:   196 bytes
[10] 0x0973 - 0x099B | Banco:  0 | Tipo: CODE | LINKER-TRAMP | Tam:    40 bytes

--- TRAMPOLINS DE BANK SWITCHING (ÁREA COMUM -> PÁGINA 2) ---
0x0987 -> Alvo: 'Desenhar' no Banco  2 (0x8000) | Tamanho: 20 bytes

--- TABELA GLOBAL DE SÍMBOLOS ---
0x0168 [Banco  0] PROC Start
0x018E [Banco  0] PROC Saudacao
0x01B4 [Banco  0] PROC StrLit_1
0x01C6 [Banco  0] PROC BDOS_Call
0x01CA [Banco  0] PROC BDOS_PrintChar
0x01E0 [Banco  0] PROC BDOS_PrintString
0x01F6 [Banco  0] PROC BDOS_ReadChar
0x01FE [Banco  0] PROC BDOS_Exit
0x0204 [Banco  0] PROC BDOS_FileOpen
0x020A [Banco  0] PROC BDOS_FileCreate
0x0210 [Banco  0] PROC BDOS_FileClose
0x0216 [Banco  0] PROC BDOS_FileRead
0x021C [Banco  0] PROC BDOS_FileWrite
0x0222 [Banco  0] PROC BDOS_FileSeek
0x0228 [Banco  0] PROC StrLen
0x0236 [Banco  0] PROC StrCopy
0x0246 [Banco  0] PROC StrToUpper
0x025D [Banco  0] PROC PrintHex8
0x026A [Banco  0] PROC PrintNibble
0x027B [Banco  0] PROC PrintHex16
0x0286 [Banco  0] PROC PrintDec16
0x02B0 [Banco  0] PROC PrintDecDigit
0x02CE [Banco  0] PROC PrintDec16ToBuffer
0x0301 [Banco  0] PROC PrintDecDigitBuf
0x031A [Banco  0] PROC PDTB_WriteChar
0x032E [Banco  0] PROC PDTB_BufPtr
0x0330 [Banco  0] PROC PDTB_Count
0x0331 [Banco  0] PROC StrCopyLen
0x0349 [Banco  0] PROC BDOS_PrintLenStr
0x0365 [Banco  0] PROC Mul16
0x037A [Banco  0] PROC Div16
0x03A7 [Banco  0] PROC BIOS_Call
0x03B9 [Banco  0] PROC BIOS_CHPUT
0x03C8 [Banco  0] PROC BIOS_CHGET
0x03F2 [Banco  0] PROC BIOS_CLS
0x03F9 [Banco  0] PROC BIOS_POSIT
0x03FA [Banco  0] PROC BIOS_BEEP
0x040A [Banco  0] PROC BIOS_INIT32
0x0412 [Banco  0] PROC BIOS_CHGMOD
0x045A [Banco  0] PROC VDP_WriteReg
0x0460 [Banco  0] PROC VDP_WriteReg_Raw
0x046B [Banco  0] PROC VDP_SetWriteAddr
0x047A [Banco  0] PROC VDP_SetReadAddr
0x0487 [Banco  0] PROC VDP_FillVRAM
0x04A3 [Banco  0] PROC VDP_WriteVRAM
0x04B6 [Banco  0] PROC VDP_ReadVRAM
0x04CB [Banco  0] PROC VDP_CopyVRAM
0x04E9 [Banco  0] PROC VDP_SetColor
0x0500 [Banco  0] PROC VDP_SetScreen
0x0503 [Banco  0] PROC VDP_InitScreen2
0x0508 [Banco  0] PROC VDP_InitScreen0
0x050C [Banco  0] PROC VDP_InitScreen1
0x0512 [Banco  0] PROC VDP_InitScreen2_Tables
0x0593 [Banco  0] PROC VDP_PSet
0x0599 [Banco  0] PROC VDP_PSet_HW
0x05D5 [Banco  0] PROC VDP_CommandWait_Raw
0x05EE [Banco  0] PROC VDP_PSet_Raw
0x0633 [Banco  0] PROC VDP_PSet_MaskDone
0x06A2 [Banco  0] PROC VDP_PSet_ColorArg
0x06A3 [Banco  0] PROC VDP_BoxFill
0x0746 [Banco  0] PROC VDP_Line
0x081A [Banco  0] PROC VDP_Line_Loop
0x0863 [Banco  0] PROC VDP_Line_CheckE2DX
0x088D [Banco  0] PROC VDP_Line_Exit
0x0894 [Banco  0] PROC VDP_Line_H_End
0x0895 [Banco  0] PROC VDP_Line_DX
0x0896 [Banco  0] PROC VDP_Line_SX
0x0897 [Banco  0] PROC VDP_Line_DY
0x0899 [Banco  0] PROC VDP_Line_SY
0x089A [Banco  0] PROC VDP_Line_Err
0x089C [Banco  0] PROC VDP_Line_E2
0x089E [Banco  0] PROC VDP_Line_CurX
0x089F [Banco  0] PROC VDP_Line_CurY
0x08A0 [Banco  0] PROC VDP_SpriteDefine
0x08B1 [Banco  0] PROC VDP_SpriteSet
0x08EE [Banco  0] PROC VDP_Sprite_Idx
0x08EF [Banco  0] PROC VDP_Sprite_X
0x08F0 [Banco  0] PROC VDP_Sprite_Y
0x08F1 [Banco  0] PROC VDP_Sprite_Pat
0x08F2 [Banco  0] PROC VDP_Sprite_Color
0x08F3 [Banco  0] PROC VDP_SpriteHide
0x090F [Banco  0] PROC VDP_SpriteHideAll
0x0922 [Banco  0] PROC VDP_SpriteSetSize
0x0929 [Banco  0] DATA Res_Banner
0x8000 [Banco  2] PROC Desenhar
0x804E [Banco  2] PROC For_Start_1
0x8066 [Banco  2] PROC For_Body_3
0x8066 [Banco  2] PROC For_LT_5
0x80BF [Banco  2] PROC For_End_2
