===============================================================================
  KIZUNA MUSUBI LINKER — RELATÓRIO DE MAPA DE MEMÓRIA (MULTI-BANCO)
===============================================================================

Modo de Memória: Multi-Banco (Memory Mapper)
Bancos Utilizados: [0 1 2]
Endereço Base:     0x0100
Ponto de Entrada:  0x017E
Tamanho do .COM:   2441 bytes (0x0989)

--- SEGMENTOS ALOCADOS ---
[ 0] 0x0100 - 0x017E | Banco:  0 | Tipo: CODE | Mod: -2 | Tam:   126 bytes
[ 1] 0x017E - 0x01A4 | Banco:  0 | Tipo: CODE | Mod:  0 | Tam:    38 bytes
[ 2] 0x01A4 - 0x01E6 | Banco:  0 | Tipo: CODE | Mod:  4 | Tam:    66 bytes
[ 3] 0x01E6 - 0x0323 | Banco:  0 | Tipo: CODE | Mod:  5 | Tam:   317 bytes
[ 4] 0x0323 - 0x03D6 | Banco:  0 | Tipo: CODE | Mod:  6 | Tam:   179 bytes
[ 5] 0x03D6 - 0x08A5 | Banco:  0 | Tipo: CODE | Mod:  7 | Tam:  1231 bytes
[ 6] 0x08A5 - 0x0907 | Banco:  0 | Tipo: CODE | Mod:  8 | Tam:    98 bytes
[ 7] 0x0907 - 0x0951 | Banco:  0 | Tipo: DATA | Mod:  3 | Tam:    74 bytes
[ 8] 0x8000 - 0x8038 | Banco:  1 | Tipo: CODE | Mod:  2 | Tam:    56 bytes
[ 9] 0x8000 - 0x80C4 | Banco:  2 | Tipo: CODE | Mod:  1 | Tam:   196 bytes
[10] 0x0951 - 0x098D | Banco:  0 | Tipo: CODE | LINKER-TRAMP | Tam:    60 bytes

--- TRAMPOLINS DE BANK SWITCHING (ÁREA COMUM -> PÁGINA 2) ---
0x0965 -> Alvo: 'Desenhar' no Banco  2 (0x8000) | Tamanho: 20 bytes
0x0979 -> Alvo: 'Saudacao' no Banco  1 (0x8000) | Tamanho: 20 bytes

--- TABELA GLOBAL DE SÍMBOLOS ---
0x017E [Banco  0] PROC Start
0x01A4 [Banco  0] PROC Mul16
0x01B9 [Banco  0] PROC Div16
0x01E6 [Banco  0] PROC StrLen
0x01F4 [Banco  0] PROC StrCopy
0x0204 [Banco  0] PROC StrToUpper
0x021B [Banco  0] PROC PrintHex8
0x0228 [Banco  0] PROC PrintNibble
0x0239 [Banco  0] PROC PrintHex16
0x0244 [Banco  0] PROC PrintDec16
0x026E [Banco  0] PROC PrintDecDigit
0x028C [Banco  0] PROC PrintDec16ToBuffer
0x02BF [Banco  0] PROC PrintDecDigitBuf
0x02D8 [Banco  0] PROC PDTB_WriteChar
0x02EC [Banco  0] PROC PDTB_BufPtr
0x02EE [Banco  0] PROC PDTB_Count
0x02EF [Banco  0] PROC StrCopyLen
0x0307 [Banco  0] PROC BDOS_PrintLenStr
0x0323 [Banco  0] PROC BIOS_Call
0x0335 [Banco  0] PROC BIOS_CHPUT
0x0344 [Banco  0] PROC BIOS_CHGET
0x036E [Banco  0] PROC BIOS_CLS
0x0375 [Banco  0] PROC BIOS_POSIT
0x0376 [Banco  0] PROC BIOS_BEEP
0x0386 [Banco  0] PROC BIOS_INIT32
0x038E [Banco  0] PROC BIOS_CHGMOD
0x03D6 [Banco  0] PROC VDP_WriteReg
0x03DC [Banco  0] PROC VDP_WriteReg_Raw
0x03E7 [Banco  0] PROC VDP_SetWriteAddr
0x03F6 [Banco  0] PROC VDP_SetReadAddr
0x0403 [Banco  0] PROC VDP_FillVRAM
0x041F [Banco  0] PROC VDP_WriteVRAM
0x0432 [Banco  0] PROC VDP_ReadVRAM
0x0447 [Banco  0] PROC VDP_CopyVRAM
0x0465 [Banco  0] PROC VDP_SetColor
0x047C [Banco  0] PROC VDP_SetScreen
0x047F [Banco  0] PROC VDP_InitScreen2
0x0484 [Banco  0] PROC VDP_InitScreen0
0x0488 [Banco  0] PROC VDP_InitScreen1
0x048E [Banco  0] PROC VDP_InitScreen2_Tables
0x050F [Banco  0] PROC VDP_PSet
0x0515 [Banco  0] PROC VDP_PSet_HW
0x0551 [Banco  0] PROC VDP_CommandWait_Raw
0x056A [Banco  0] PROC VDP_PSet_Raw
0x05AF [Banco  0] PROC VDP_PSet_MaskDone
0x061E [Banco  0] PROC VDP_PSet_ColorArg
0x061F [Banco  0] PROC VDP_BoxFill
0x06C2 [Banco  0] PROC VDP_Line
0x0796 [Banco  0] PROC VDP_Line_Loop
0x07DF [Banco  0] PROC VDP_Line_CheckE2DX
0x0809 [Banco  0] PROC VDP_Line_Exit
0x0810 [Banco  0] PROC VDP_Line_H_End
0x0811 [Banco  0] PROC VDP_Line_DX
0x0812 [Banco  0] PROC VDP_Line_SX
0x0813 [Banco  0] PROC VDP_Line_DY
0x0815 [Banco  0] PROC VDP_Line_SY
0x0816 [Banco  0] PROC VDP_Line_Err
0x0818 [Banco  0] PROC VDP_Line_E2
0x081A [Banco  0] PROC VDP_Line_CurX
0x081B [Banco  0] PROC VDP_Line_CurY
0x081C [Banco  0] PROC VDP_SpriteDefine
0x082D [Banco  0] PROC VDP_SpriteSet
0x086A [Banco  0] PROC VDP_Sprite_Idx
0x086B [Banco  0] PROC VDP_Sprite_X
0x086C [Banco  0] PROC VDP_Sprite_Y
0x086D [Banco  0] PROC VDP_Sprite_Pat
0x086E [Banco  0] PROC VDP_Sprite_Color
0x086F [Banco  0] PROC VDP_SpriteHide
0x088B [Banco  0] PROC VDP_SpriteHideAll
0x089E [Banco  0] PROC VDP_SpriteSetSize
0x08A5 [Banco  0] PROC BDOS_Call
0x08A9 [Banco  0] PROC BDOS_PrintChar
0x08BF [Banco  0] PROC BDOS_PrintString
0x08D5 [Banco  0] PROC BDOS_ReadChar
0x08DD [Banco  0] PROC BDOS_Exit
0x08E3 [Banco  0] PROC BDOS_FileOpen
0x08E9 [Banco  0] PROC BDOS_FileCreate
0x08EF [Banco  0] PROC BDOS_FileClose
0x08F5 [Banco  0] PROC BDOS_FileRead
0x08FB [Banco  0] PROC BDOS_FileWrite
0x0901 [Banco  0] PROC BDOS_FileSeek
0x0907 [Banco  0] DATA Res_Banner
0x8000 [Banco  1] PROC Saudacao
0x8026 [Banco  1] PROC StrLit_1
0x8000 [Banco  2] PROC Desenhar
0x804E [Banco  2] PROC For_Start_1
0x8066 [Banco  2] PROC For_LT_5
0x8066 [Banco  2] PROC For_Body_3
0x80BF [Banco  2] PROC For_End_2
