===============================================================================
  KIZUNA MUSUBI LINKER — RELATÓRIO DE MAPA DE MEMÓRIA (MULTI-BANCO)
===============================================================================

Modo de Memória: Multi-Banco (Memory Mapper)
Bancos Utilizados: [0 2]
Endereço Base:     0x0100
Ponto de Entrada:  0x0168
Tamanho do .COM:   2399 bytes (0x095F)

--- SEGMENTOS ALOCADOS ---
[ 0] 0x0100 - 0x0168 | Banco:  0 | Tipo: CODE | Mod: -2 | Tam:   104 bytes
[ 1] 0x0168 - 0x018E | Banco:  0 | Tipo: CODE | Mod:  0 | Tam:    38 bytes
[ 2] 0x018E - 0x01C6 | Banco:  0 | Tipo: CODE | Mod:  2 | Tam:    56 bytes
[ 3] 0x01C6 - 0x0279 | Banco:  0 | Tipo: CODE | Mod:  4 | Tam:   179 bytes
[ 4] 0x0279 - 0x0748 | Banco:  0 | Tipo: CODE | Mod:  5 | Tam:  1231 bytes
[ 5] 0x0748 - 0x0885 | Banco:  0 | Tipo: CODE | Mod:  6 | Tam:   317 bytes
[ 6] 0x0885 - 0x08C7 | Banco:  0 | Tipo: CODE | Mod:  7 | Tam:    66 bytes
[ 7] 0x08C7 - 0x0929 | Banco:  0 | Tipo: CODE | Mod:  8 | Tam:    98 bytes
[ 8] 0x0929 - 0x0973 | Banco:  0 | Tipo: DATA | Mod:  3 | Tam:    74 bytes
[ 9] 0x8000 - 0x80C4 | Banco:  2 | Tipo: CODE | Mod:  1 | Tam:   196 bytes
[10] 0x0973 - 0x099B | Banco:  0 | Tipo: CODE | LINKER-TRAMP | Tam:    40 bytes

--- TRAMPOLINS DE BANK SWITCHING (ÁREA COMUM -> PÁGINA 2) ---
0x0987 -> Alvo: 'Desenhar' no Banco  2 (0x8000) | Tamanho: 20 bytes

--- TABELA GLOBAL DE SÍMBOLOS ---
0x0168 [Banco  0] PROC Start
0x018E [Banco  0] PROC Saudacao
0x01B4 [Banco  0] PROC StrLit_1
0x01C6 [Banco  0] PROC BIOS_Call
0x01D8 [Banco  0] PROC BIOS_CHPUT
0x01E7 [Banco  0] PROC BIOS_CHGET
0x0211 [Banco  0] PROC BIOS_CLS
0x0218 [Banco  0] PROC BIOS_POSIT
0x0219 [Banco  0] PROC BIOS_BEEP
0x0229 [Banco  0] PROC BIOS_INIT32
0x0231 [Banco  0] PROC BIOS_CHGMOD
0x0279 [Banco  0] PROC VDP_WriteReg
0x027F [Banco  0] PROC VDP_WriteReg_Raw
0x028A [Banco  0] PROC VDP_SetWriteAddr
0x0299 [Banco  0] PROC VDP_SetReadAddr
0x02A6 [Banco  0] PROC VDP_FillVRAM
0x02C2 [Banco  0] PROC VDP_WriteVRAM
0x02D5 [Banco  0] PROC VDP_ReadVRAM
0x02EA [Banco  0] PROC VDP_CopyVRAM
0x0308 [Banco  0] PROC VDP_SetColor
0x031F [Banco  0] PROC VDP_SetScreen
0x0322 [Banco  0] PROC VDP_InitScreen2
0x0327 [Banco  0] PROC VDP_InitScreen0
0x032B [Banco  0] PROC VDP_InitScreen1
0x0331 [Banco  0] PROC VDP_InitScreen2_Tables
0x03B2 [Banco  0] PROC VDP_PSet
0x03B8 [Banco  0] PROC VDP_PSet_HW
0x03F4 [Banco  0] PROC VDP_CommandWait_Raw
0x040D [Banco  0] PROC VDP_PSet_Raw
0x0452 [Banco  0] PROC VDP_PSet_MaskDone
0x04C1 [Banco  0] PROC VDP_PSet_ColorArg
0x04C2 [Banco  0] PROC VDP_BoxFill
0x0565 [Banco  0] PROC VDP_Line
0x0639 [Banco  0] PROC VDP_Line_Loop
0x0682 [Banco  0] PROC VDP_Line_CheckE2DX
0x06AC [Banco  0] PROC VDP_Line_Exit
0x06B3 [Banco  0] PROC VDP_Line_H_End
0x06B4 [Banco  0] PROC VDP_Line_DX
0x06B5 [Banco  0] PROC VDP_Line_SX
0x06B6 [Banco  0] PROC VDP_Line_DY
0x06B8 [Banco  0] PROC VDP_Line_SY
0x06B9 [Banco  0] PROC VDP_Line_Err
0x06BB [Banco  0] PROC VDP_Line_E2
0x06BD [Banco  0] PROC VDP_Line_CurX
0x06BE [Banco  0] PROC VDP_Line_CurY
0x06BF [Banco  0] PROC VDP_SpriteDefine
0x06D0 [Banco  0] PROC VDP_SpriteSet
0x070D [Banco  0] PROC VDP_Sprite_Idx
0x070E [Banco  0] PROC VDP_Sprite_X
0x070F [Banco  0] PROC VDP_Sprite_Y
0x0710 [Banco  0] PROC VDP_Sprite_Pat
0x0711 [Banco  0] PROC VDP_Sprite_Color
0x0712 [Banco  0] PROC VDP_SpriteHide
0x072E [Banco  0] PROC VDP_SpriteHideAll
0x0741 [Banco  0] PROC VDP_SpriteSetSize
0x0748 [Banco  0] PROC StrLen
0x0756 [Banco  0] PROC StrCopy
0x0766 [Banco  0] PROC StrToUpper
0x077D [Banco  0] PROC PrintHex8
0x078A [Banco  0] PROC PrintNibble
0x079B [Banco  0] PROC PrintHex16
0x07A6 [Banco  0] PROC PrintDec16
0x07D0 [Banco  0] PROC PrintDecDigit
0x07EE [Banco  0] PROC PrintDec16ToBuffer
0x0821 [Banco  0] PROC PrintDecDigitBuf
0x083A [Banco  0] PROC PDTB_WriteChar
0x084E [Banco  0] PROC PDTB_BufPtr
0x0850 [Banco  0] PROC PDTB_Count
0x0851 [Banco  0] PROC StrCopyLen
0x0869 [Banco  0] PROC BDOS_PrintLenStr
0x0885 [Banco  0] PROC Mul16
0x089A [Banco  0] PROC Div16
0x08C7 [Banco  0] PROC BDOS_Call
0x08CB [Banco  0] PROC BDOS_PrintChar
0x08E1 [Banco  0] PROC BDOS_PrintString
0x08F7 [Banco  0] PROC BDOS_ReadChar
0x08FF [Banco  0] PROC BDOS_Exit
0x0905 [Banco  0] PROC BDOS_FileOpen
0x090B [Banco  0] PROC BDOS_FileCreate
0x0911 [Banco  0] PROC BDOS_FileClose
0x0917 [Banco  0] PROC BDOS_FileRead
0x091D [Banco  0] PROC BDOS_FileWrite
0x0923 [Banco  0] PROC BDOS_FileSeek
0x0929 [Banco  0] DATA Res_Banner
0x8000 [Banco  2] PROC Desenhar
0x804E [Banco  2] PROC For_Start_1
0x8066 [Banco  2] PROC For_LT_5
0x8066 [Banco  2] PROC For_Body_3
0x80BF [Banco  2] PROC For_End_2
