===============================================================================
  KIZUNA MUSUBI LINKER — RELATÓRIO DE MAPA DE MEMÓRIA (MULTI-BANCO)
===============================================================================

Modo de Memória: Monobanco
Bancos Utilizados: [0]
Endereço Base:     0x0100
Ponto de Entrada:  0x0100
Tamanho do .COM:   1075 bytes (0x0433)

--- SEGMENTOS ALOCADOS ---
[ 0] 0x0100 - 0x02C6 | Banco:  0 | Tipo: CODE | Mod:  0 | Tam:   454 bytes
[ 1] 0x02C6 - 0x02E3 | Banco:  0 | Tipo: CODE | Mod:  1 | Tam:    29 bytes
[ 2] 0x02E3 - 0x02E9 | Banco:  0 | Tipo: CODE | Mod:  2 | Tam:     6 bytes
[ 3] 0x02E9 - 0x02EF | Banco:  0 | Tipo: CODE | Mod:  3 | Tam:     6 bytes
[ 4] 0x02EF - 0x0305 | Banco:  0 | Tipo: CODE | Mod:  4 | Tam:    22 bytes
[ 5] 0x0305 - 0x033C | Banco:  0 | Tipo: CODE | Mod:  5 | Tam:    55 bytes
[ 6] 0x033C - 0x0353 | Banco:  0 | Tipo: CODE | Mod:  6 | Tam:    23 bytes
[ 7] 0x0353 - 0x039B | Banco:  0 | Tipo: CODE | Mod:  7 | Tam:    72 bytes
[ 8] 0x039B - 0x03AC | Banco:  0 | Tipo: CODE | Mod:  8 | Tam:    17 bytes
[ 9] 0x03AC - 0x03C2 | Banco:  0 | Tipo: CODE | Mod:  9 | Tam:    22 bytes
[10] 0x03C2 - 0x03EF | Banco:  0 | Tipo: CODE | Mod: 10 | Tam:    45 bytes
[11] 0x03EF - 0x03F6 | Banco:  0 | Tipo: CODE | Mod: 11 | Tam:     7 bytes
[12] 0x03F6 - 0x03FE | Banco:  0 | Tipo: CODE | Mod: 12 | Tam:     8 bytes
[13] 0x03FE - 0x0446 | Banco:  0 | Tipo: CODE | Mod: 13 | Tam:    72 bytes
[14] 0x0446 - 0x045B | Banco:  0 | Tipo: CODE | Mod: 14 | Tam:    21 bytes
[15] 0x045B - 0x0484 | Banco:  0 | Tipo: CODE | Mod: 15 | Tam:    41 bytes
[16] 0x0484 - 0x0496 | Banco:  0 | Tipo: CODE | Mod: 16 | Tam:    18 bytes
[17] 0x0496 - 0x0517 | Banco:  0 | Tipo: CODE | Mod: 17 | Tam:   129 bytes
[18] 0x0517 - 0x0533 | Banco:  0 | Tipo: CODE | Mod: 18 | Tam:    28 bytes

--- TABELA GLOBAL DE SÍMBOLOS ---
0x0100 [Banco  0] PROC Start
0x020A [Banco  0] PROC StrLit_2
0x0237 [Banco  0] PROC StrLit_4
0x0242 [Banco  0] PROC StrLit_5
0x0252 [Banco  0] PROC StrLit_3
0x025B [Banco  0] PROC StrLit_7
0x0260 [Banco  0] PROC StrLit_1
0x028D [Banco  0] PROC StrLit_6
0x02C4 [Banco  0] PROC Var_k
0x02C6 [Banco  0] PROC PSG_MuteAll
0x02E3 [Banco  0] PROC PSG_Write
0x02E9 [Banco  0] PROC BDOS_Exit
0x02EF [Banco  0] PROC BDOS_PrintChar
0x0305 [Banco  0] PROC PSG_PlayTone
0x033C [Banco  0] PROC VDP_SetColor
0x0353 [Banco  0] PROC PrintDec16
0x037D [Banco  0] PROC PrintDecDigit
0x039B [Banco  0] PROC VDP_WriteReg
0x03A1 [Banco  0] PROC VDP_WriteReg_Raw
0x03AC [Banco  0] PROC BDOS_PrintString
0x03C2 [Banco  0] PROC Div16
0x03EF [Banco  0] PROC BIOS_CLS
0x03F6 [Banco  0] PROC BDOS_ReadChar
0x03FE [Banco  0] PROC BIOS_CHGMOD
0x0446 [Banco  0] PROC Mul16
0x045B [Banco  0] PROC PrintHex8
0x0468 [Banco  0] PROC PrintNibble
0x0479 [Banco  0] PROC PrintHex16
0x0484 [Banco  0] PROC BIOS_Call
0x0496 [Banco  0] PROC VDP_InitScreen2_Tables
0x0517 [Banco  0] PROC VDP_FillVRAM
