===============================================================================
  KIZUNA MUSUBI LINKER — RELATÓRIO DE MAPA DE MEMÓRIA (MULTI-BANCO)
===============================================================================

Modo de Memória: Monobanco
Bancos Utilizados: [0]
Endereço Base:     0x0100
Ponto de Entrada:  0x0100
Tamanho do .COM:   1179 bytes (0x049B)

--- SEGMENTOS ALOCADOS ---
[ 0] 0x0100 - 0x0139 | Banco:  0 | Tipo: CODE | Mod:  0 | Tam:    57 bytes
[ 1] 0x0139 - 0x04A6 | Banco:  0 | Tipo: CODE | Mod:  1 | Tam:   877 bytes
[ 2] 0x04A6 - 0x04E4 | Banco:  0 | Tipo: CODE | Mod:  2 | Tam:    62 bytes
[ 3] 0x04E4 - 0x059B | Banco:  0 | Tipo: CODE | Mod:  3 | Tam:   183 bytes

--- TABELA GLOBAL DE SÍMBOLOS ---
0x0100 [Banco  0] PROC Start
0x0139 [Banco  0] PROC VDP_WriteReg
0x0146 [Banco  0] PROC VDP_SetWriteAddr
0x0155 [Banco  0] PROC VDP_SetReadAddr
0x0162 [Banco  0] PROC VDP_FillVRAM
0x0171 [Banco  0] PROC VDP_WriteVRAM
0x0184 [Banco  0] PROC VDP_ReadVRAM
0x0199 [Banco  0] PROC VDP_CopyVRAM
0x01B7 [Banco  0] PROC VDP_SetColor
0x01CE [Banco  0] PROC VDP_SetScreen
0x01D1 [Banco  0] PROC VDP_InitScreen2
0x01D6 [Banco  0] PROC VDP_InitScreen0
0x01DA [Banco  0] PROC VDP_InitScreen1
0x01E0 [Banco  0] PROC VDP_InitScreen2_Tables
0x0254 [Banco  0] PROC VDP_PSet
0x028F [Banco  0] PROC VDP_PSet_MaskDone
0x02B1 [Banco  0] PROC VDP_PSet_Col
0x02B2 [Banco  0] PROC VDP_BoxFill
0x0350 [Banco  0] PROC VDP_Line
0x041A [Banco  0] PROC VDP_Line_Loop
0x045B [Banco  0] PROC VDP_Line_CheckE2DX
0x0481 [Banco  0] PROC VDP_Line_Exit
0x0487 [Banco  0] PROC VDP_Line_H_End
0x0489 [Banco  0] PROC VDP_Line_DX
0x048B [Banco  0] PROC VDP_Line_SX
0x048D [Banco  0] PROC VDP_Line_DY
0x048F [Banco  0] PROC VDP_Line_SY
0x0491 [Banco  0] PROC VDP_Line_Err
0x0493 [Banco  0] PROC VDP_Line_E2
0x0495 [Banco  0] PROC VDP_Line_CurX
0x0497 [Banco  0] PROC VDP_Line_CurY
0x04A6 [Banco  0] PROC BDOS_Call
0x04AA [Banco  0] PROC BDOS_PrintChar
0x04C0 [Banco  0] PROC BDOS_PrintString
0x04D6 [Banco  0] PROC BDOS_ReadChar
0x04DE [Banco  0] PROC BDOS_Exit
0x04E4 [Banco  0] PROC BIOS_Call
0x04F6 [Banco  0] PROC BIOS_CHPUT
0x0505 [Banco  0] PROC BIOS_CHGET
0x0533 [Banco  0] PROC BIOS_CLS
0x053A [Banco  0] PROC BIOS_POSIT
0x053B [Banco  0] PROC BIOS_BEEP
0x054B [Banco  0] PROC BIOS_INIT32
0x0553 [Banco  0] PROC BIOS_CHGMOD
