===============================================================================
  KIZUNA MUSUBI LINKER — RELATÓRIO DE MAPA DE MEMÓRIA (MULTI-BANCO)
===============================================================================

Modo de Memória: Monobanco
Bancos Utilizados: [0]
Endereço Base:     0x0100
Ponto de Entrada:  0x0100
Tamanho do .COM:   1161 bytes (0x0489)

--- SEGMENTOS ALOCADOS ---
[ 0] 0x0100 - 0x0117 | Banco:  0 | Tipo: CODE | Mod:  0 | Tam:    23 bytes
[ 1] 0x0117 - 0x0494 | Banco:  0 | Tipo: CODE | Mod:  1 | Tam:   893 bytes
[ 2] 0x0494 - 0x04D2 | Banco:  0 | Tipo: CODE | Mod:  2 | Tam:    62 bytes
[ 3] 0x04D2 - 0x0589 | Banco:  0 | Tipo: CODE | Mod:  3 | Tam:   183 bytes

--- TABELA GLOBAL DE SÍMBOLOS ---
0x0100 [Banco  0] PROC Start
0x0117 [Banco  0] PROC VDP_WriteReg
0x0124 [Banco  0] PROC VDP_SetWriteAddr
0x0133 [Banco  0] PROC VDP_SetReadAddr
0x0140 [Banco  0] PROC VDP_FillVRAM
0x015C [Banco  0] PROC VDP_WriteVRAM
0x016F [Banco  0] PROC VDP_ReadVRAM
0x0184 [Banco  0] PROC VDP_CopyVRAM
0x01A2 [Banco  0] PROC VDP_SetColor
0x01B9 [Banco  0] PROC VDP_SetScreen
0x01BC [Banco  0] PROC VDP_InitScreen2
0x01C1 [Banco  0] PROC VDP_InitScreen0
0x01C5 [Banco  0] PROC VDP_InitScreen1
0x01CB [Banco  0] PROC VDP_InitScreen2_Tables
0x024C [Banco  0] PROC VDP_PSet
0x028E [Banco  0] PROC VDP_PSet_MaskDone
0x02A0 [Banco  0] PROC VDP_BoxFill
0x033E [Banco  0] PROC VDP_Line
0x0408 [Banco  0] PROC VDP_Line_Loop
0x0449 [Banco  0] PROC VDP_Line_CheckE2DX
0x046F [Banco  0] PROC VDP_Line_Exit
0x0475 [Banco  0] PROC VDP_Line_H_End
0x0477 [Banco  0] PROC VDP_Line_DX
0x0479 [Banco  0] PROC VDP_Line_SX
0x047B [Banco  0] PROC VDP_Line_DY
0x047D [Banco  0] PROC VDP_Line_SY
0x047F [Banco  0] PROC VDP_Line_Err
0x0481 [Banco  0] PROC VDP_Line_E2
0x0483 [Banco  0] PROC VDP_Line_CurX
0x0485 [Banco  0] PROC VDP_Line_CurY
0x0494 [Banco  0] PROC BDOS_Call
0x0498 [Banco  0] PROC BDOS_PrintChar
0x04AE [Banco  0] PROC BDOS_PrintString
0x04C4 [Banco  0] PROC BDOS_ReadChar
0x04CC [Banco  0] PROC BDOS_Exit
0x04D2 [Banco  0] PROC BIOS_Call
0x04E4 [Banco  0] PROC BIOS_CHPUT
0x04F3 [Banco  0] PROC BIOS_CHGET
0x0521 [Banco  0] PROC BIOS_CLS
0x0528 [Banco  0] PROC BIOS_POSIT
0x0529 [Banco  0] PROC BIOS_BEEP
0x0539 [Banco  0] PROC BIOS_INIT32
0x0541 [Banco  0] PROC BIOS_CHGMOD
