===============================================================================
  KIZUNA MUSUBI LINKER — RELATÓRIO DE MAPA DE MEMÓRIA (MULTI-BANCO)
===============================================================================

Modo de Memória: Monobanco
Bancos Utilizados: [0]
Endereço Base:     0x0100
Ponto de Entrada:  0x0100
Tamanho do .COM:   1603 bytes (0x0643)

--- SEGMENTOS ALOCADOS ---
[ 0] 0x0100 - 0x01C1 | Banco:  0 | Tipo: CODE | Mod:  0 | Tam:   193 bytes
[ 1] 0x01C1 - 0x0274 | Banco:  0 | Tipo: CODE | Mod:  1 | Tam:   179 bytes
[ 2] 0x0274 - 0x0743 | Banco:  0 | Tipo: CODE | Mod:  2 | Tam:  1231 bytes

--- TABELA GLOBAL DE SÍMBOLOS ---
0x0100 [Banco  0] PROC Start
0x0152 [Banco  0] PROC MsgIntro
0x0186 [Banco  0] PROC MsgDone
0x01A1 [Banco  0] PROC SpritePattern
0x01C1 [Banco  0] PROC BIOS_Call
0x01D3 [Banco  0] PROC BIOS_CHPUT
0x01E2 [Banco  0] PROC BIOS_CHGET
0x020C [Banco  0] PROC BIOS_CLS
0x0213 [Banco  0] PROC BIOS_POSIT
0x0214 [Banco  0] PROC BIOS_BEEP
0x0224 [Banco  0] PROC BIOS_INIT32
0x022C [Banco  0] PROC BIOS_CHGMOD
0x0274 [Banco  0] PROC VDP_WriteReg
0x027A [Banco  0] PROC VDP_WriteReg_Raw
0x0285 [Banco  0] PROC VDP_SetWriteAddr
0x0294 [Banco  0] PROC VDP_SetReadAddr
0x02A1 [Banco  0] PROC VDP_FillVRAM
0x02BD [Banco  0] PROC VDP_WriteVRAM
0x02D0 [Banco  0] PROC VDP_ReadVRAM
0x02E5 [Banco  0] PROC VDP_CopyVRAM
0x0303 [Banco  0] PROC VDP_SetColor
0x031A [Banco  0] PROC VDP_SetScreen
0x031D [Banco  0] PROC VDP_InitScreen2
0x0322 [Banco  0] PROC VDP_InitScreen0
0x0326 [Banco  0] PROC VDP_InitScreen1
0x032C [Banco  0] PROC VDP_InitScreen2_Tables
0x03AD [Banco  0] PROC VDP_PSet
0x03B3 [Banco  0] PROC VDP_PSet_HW
0x03EF [Banco  0] PROC VDP_CommandWait_Raw
0x0408 [Banco  0] PROC VDP_PSet_Raw
0x044D [Banco  0] PROC VDP_PSet_MaskDone
0x04BC [Banco  0] PROC VDP_PSet_ColorArg
0x04BD [Banco  0] PROC VDP_BoxFill
0x0560 [Banco  0] PROC VDP_Line
0x0634 [Banco  0] PROC VDP_Line_Loop
0x067D [Banco  0] PROC VDP_Line_CheckE2DX
0x06A7 [Banco  0] PROC VDP_Line_Exit
0x06AE [Banco  0] PROC VDP_Line_H_End
0x06AF [Banco  0] PROC VDP_Line_DX
0x06B0 [Banco  0] PROC VDP_Line_SX
0x06B1 [Banco  0] PROC VDP_Line_DY
0x06B3 [Banco  0] PROC VDP_Line_SY
0x06B4 [Banco  0] PROC VDP_Line_Err
0x06B6 [Banco  0] PROC VDP_Line_E2
0x06B8 [Banco  0] PROC VDP_Line_CurX
0x06B9 [Banco  0] PROC VDP_Line_CurY
0x06BA [Banco  0] PROC VDP_SpriteDefine
0x06CB [Banco  0] PROC VDP_SpriteSet
0x0708 [Banco  0] PROC VDP_Sprite_Idx
0x0709 [Banco  0] PROC VDP_Sprite_X
0x070A [Banco  0] PROC VDP_Sprite_Y
0x070B [Banco  0] PROC VDP_Sprite_Pat
0x070C [Banco  0] PROC VDP_Sprite_Color
0x070D [Banco  0] PROC VDP_SpriteHide
0x0729 [Banco  0] PROC VDP_SpriteHideAll
0x073C [Banco  0] PROC VDP_SpriteSetSize
