# Mapa de cobertura: nome no guia (MSXgl / Fusion-C)  =  nossa rotina
#
#   Guia = Nossa           o item do guia é coberto por essa rotina nossa
#   Guia = -- motivo       decidimos não fazer, com o motivo
#   fusion:Nome = ...      só para nomes do Fusion-C que colidem com um do MSXgl
#
# Sem linha = pendente. "Feito" só aparece quando a rotina nossa existe em
# lib/src (PUBLIC) ou lib/api (proc/func). Gere docs/cobertura.md com:
#   go run ./tools/cobertura        (e valide este arquivo com -check)
#
# REGRA: só entram equivalências REAIS de comportamento. A assinatura pode ser
# diferente (é de propósito: a API é nossa), mas o que a rotina FAZ tem que ser
# o mesmo. Funções do guia que fazem mais (operação lógica, cópia sombra dos
# registradores, VRAM de 128K, strings terminadas em zero vs '$') NÃO entram
# aqui até termos a rotina equivalente -- ficam pendentes, de propósito.

# --- PSG ---------------------------------------------------------------------
PSG_SetRegister = PSG_Write
PSG_GetRegister = PSG_Read
PSGwrite = PSG_Write
PSGRead = PSG_Read
SilencePSG = PSG_MuteAll

# --- VDP ---------------------------------------------------------------------
# (VDP_SetColor do MSXgl grava R#7 inteiro com 1 parâmetro; a nossa recebe frente
#  e fundo -- semânticas diferentes, por isso fica pendente. Idem VDP_RegWrite, que
#  no MSXgl mantém cópia sombra, e VDP_SetSprite, que não mexe na cor.)
VDP_FillVRAM_16K = VDP_FillVRAM
VDP_WriteVRAM_16K = VDP_WriteVRAM
VDP_ReadVRAM_16K = VDP_ReadVRAM
VDP_HideSprite = VDP_SpriteHide
VDP_HideAllSprites = VDP_SpriteHideAll
VDP_LoadSpritePattern = VDP_SpriteDefine
# Fase 2a (registradores com cópia sombra, VRAM de 128K, paleta, modos)
VDP_ClearVRAM = VDP_ClearVRAM
VDP_ReadStatus = VDP_ReadStatus
VDP_GetMode = VDP_GetMode
VDP_SetMode = VDP_SetMode
VDP_SetDefaultPalette = VDP_SetDefaultPalette
VDP_SetMSX1Palette = VDP_SetMSX1Palette
VDP_SetPaletteEntry = VDP_SetPaletteEntry
VDP_SetPalette = VDP_SetPaletteBlock
VDP_RegWriteBak = VDP_SetReg
VDP_RegWriteBakMask = VDP_UpdateReg
VDP_SetBackdropColor = VDP_Backdrop
VDP_SetFrequency = VDP_SetRefresh
VDP_SetLineCount = VDP_SetLines
VDP_Poke_128K = VDP_VPoke
VDP_Peek_128K = VDP_VPeek
VDP_SetPage = VDP_SetDisplayPage

# --- Strings e texto ---------------------------------------------------------
# (Print_Draw* do MSXgl escrevem na VRAM em qualquer modo; as nossas PrintHex*/
#  PrintDec* escrevem no console do MSX-DOS -- por isso não são equivalentes.)
PrintHex = PrintHex16
PrintNumber = PrintDec16
PrintChar = BDOS_PrintChar
StrLen = CSTR_Len
Cls = BIOS_CLS
Beep = BIOS_BEEP
Getche = BDOS_ReadChar

# --- Matemática (Fase 1) -----------------------------------------------------
Math_Div10 = MATH_DivS10
Math_Div10_16b = MATH_DivS10
Math_Mod10 = MATH_Mod10
Math_Mod10_16b = MATH_Mod10
Math_Flip = MATH_Flip8
Math_Flip_16b = MATH_Flip16
Math_Negative = MATH_Neg8
Math_Negative16 = MATH_Neg16
Math_Swap = MATH_Swap16
Math_SignedDiv2 = MATH_Sar8
Math_SignedDiv4 = MATH_Sar8
Math_SignedDiv8 = MATH_Sar8
Math_SignedDiv16 = MATH_Sar8
Math_SignedDiv32 = MATH_Sar8
Math_Abs = MATH_Abs8
Math_Abs_16b = MATH_Abs16
Math_Abs_32b = MATH_Abs32
Math_SetRandomSeed8 = MATH_RandSeed
Math_SetRandomSeed16 = MATH_RandSeed
Math_GetRandom8 = MATH_Rand8
Math_GetRandom16 = MATH_Rand16
Math_GetRandomMax8 = MATH_RandRange8
Math_GetRandomMax16 = MATH_RandRange16
Math_GetRandomRange8 = MATH_RandBetween8
Math_GetRandomRange16 = MATH_RandBetween16
QMN_Set8 = MATH_Shl8
QMN_Set16 = MATH_Shl16
# QMN_Get8/16 ficam pendentes de propósito: o guia divide por 2^n TRUNCANDO em direção
# a zero, e o nosso MATH_Sar8/16 é deslocamento aritmético (arredonda para baixo) --
# diferem nos negativos. Entra quando houver uma rotina com a mesma semântica.

# --- Memória (Fase 1) --------------------------------------------------------
Mem_Copy = MEM_Copy
Mem_FastCopy = MEM_CopyFast
Mem_Copy_16b = MEM_CopyWords
Mem_FastCopy_16b = MEM_CopyFastWords
Mem_Set = MEM_Fill
Mem_FastSet = MEM_Fill
Mem_Set_16b = MEM_Fill16
Mem_GetStackAddress = MEM_GetSP
Mem_DynamicInitialize = MEM_HeapInit
Mem_DynamicAlloc = MEM_Alloc
Mem_DynamicFree = MEM_Free
Mem_GetDynamicSize = MEM_BlockSize
MemChr = MEM_Find
MemFill = MEM_Fill
MemCopy = MEM_Copy
MemCopyReverse = MEM_CopyRev
MemCompare = MEM_Compare
MMalloc = MEM_Alloc
ReadTPA = MEM_TPATop
ReadSP = MEM_GetSP

# Decisões de não fazer (podem ser revistas):
Mem_HeapAlloc = -- alocador "de ponteiro que só avança" do guia; o heap dinâmico (MEM_Alloc/MEM_Free) cobre o uso e a lista de blocos é mais geral
Mem_HeapFree = -- idem Mem_HeapAlloc
Mem_GetHeapAddress = -- estado do alocador estático do guia; não existe no nosso modelo (ver MEM_HeapSize/MEM_HeapFree)
Mem_GetHeapSize = -- idem: o guia mede "SP menos endereço do heap"; use MEM_HeapFree para o espaço livre do heap dinâmico
Mem_DynamicInitializeHeap = -- depende do alocador estático; use MEM_HeapInit/MEM_HeapInitToStack
Mutex_Init = -- MSX-DOS é monotarefa; o único paralelismo é o tratador de interrupção, tratado com DI/EI. Rever se surgir um uso real
Mutex_Lock = -- idem Mutex_Init
Mutex_Release = -- idem Mutex_Init
Mutex_Wait = -- idem Mutex_Init
Mutex_Gate = -- idem Mutex_Init

# --- Strings, caracteres, conversões e console (Fase 1) -----------------------
Char_IsNum = CHAR_IsDigit
Char_IsAlpha = CHAR_IsAlpha
Char_IsAlphaNum = CHAR_IsAlNum
String_Length = CSTR_Len
String_Copy = CSTR_Copy
String_FromUInt8ZT = NUM_U16ToDecW
String_FromUInt16ZT = NUM_U16ToDecW
# String_FromUInt8/16 (sem terminador, preenchidos com '0'): NUM_U16ToDecW também as cobre (o
# terminador extra é inofensivo), mas deixamos como estão até haver um teste com o formato exato.
String_Format = CSTR_Format
String_FormatVA = CSTR_Format
IsAlphaNum = CHAR_IsAlNum
IsAlpha = CHAR_IsAlpha
IsCntrl = CHAR_IsControl
IsDigit = CHAR_IsDigit
IsGraph = CHAR_IsGraph
IsLower = CHAR_IsLower
IsPrintable = CHAR_IsPrint
IsPunctuation = CHAR_IsPunct
IsSpace = CHAR_IsSpace
IsUpper = CHAR_IsUpper
IsHexDigit = CHAR_IsHexDigit
CharToLower = CHAR_ToLower
CharToUpper = CHAR_ToUpper
StrCopy = CSTR_Copy
NStrCopy = CSTR_CopyN
StrConcat = CSTR_Cat
NStrConcat = CSTR_CatN
StrCompare = CSTR_Compare
NStrCompare = CSTR_CompareN
StrChr = CSTR_FindChar
StrPosChr = CSTR_FindLastChar
StrPosStr = CSTR_FindStr
StrLeftTrim = CSTR_TrimLeft
StrRightTrim = CSTR_TrimRight
StrReplaceChar = CSTR_ReplaceChar
StrReverse = CSTR_Reverse
Print = CON_PrintCStr
PrintString = CON_PrintCStr
PrintDec = CON_PrintI16
PutCharHex = PrintHex8
Locate = CON_Locate
InputString = CON_ReadLine
WaitKey = CON_ReadKey
