===============================================================================
  KIZUNA MUSUBI LINKER — RELATÓRIO DE MAPA DE MEMÓRIA (MULTI-BANCO)
===============================================================================

Modo de Memória: Multi-Banco (Memory Mapper)
Bancos Utilizados: [0 1 2]
Endereço Base:     0x0100
Ponto de Entrada:  0x01D7
Tamanho do .COM:   939 bytes (0x03AB)

--- SEGMENTOS ALOCADOS ---
[ 0] 0x0100 - 0x01D7 | Banco:  0 | Tipo: CODE | Mod: -2 | Tam:   215 bytes
[ 1] 0x01D7 - 0x032F | Banco:  0 | Tipo: CODE | Mod:  0 | Tam:   344 bytes
[ 2] 0x8000 - 0x80A0 | Banco:  1 | Tipo: CODE | Mod:  1 | Tam:   160 bytes
[ 3] 0x8000 - 0x80A0 | Banco:  2 | Tipo: CODE | Mod:  2 | Tam:   160 bytes
[ 4] 0x032F - 0x036B | Banco:  0 | Tipo: CODE | LINKER-TRAMP | Tam:    60 bytes

--- TRAMPOLINS DE BANK SWITCHING (ÁREA COMUM -> PÁGINA 2) ---
0x0343 -> Alvo: 'PrintBank1' no Banco  1 (0x8000) | Tamanho: 20 bytes
0x0357 -> Alvo: 'PrintBank2' no Banco  2 (0x8000) | Tamanho: 20 bytes

--- TABELA GLOBAL DE SÍMBOLOS ---
0x01D7 [Banco  0] PROC Start
0x01EE [Banco  0] PROC MsgCommon
0x028D [Banco  0] PROC MsgDone
0x8000 [Banco  1] PROC PrintBank1
0x8009 [Banco  1] PROC MsgBank1
0x8000 [Banco  2] PROC PrintBank2
0x8009 [Banco  2] PROC MsgBank2
