===============================================================================
  KIZUNA MUSUBI LINKER — RELATÓRIO DE MAPA DE MEMÓRIA (MULTI-BANCO)
===============================================================================

Modo de Memória: Monobanco
Bancos Utilizados: [0]
Endereço Base:     0x0100
Ponto de Entrada:  0x0100
Tamanho do .COM:   540 bytes (0x021C)

--- SEGMENTOS ALOCADOS ---
[ 0] 0x0100 - 0x0197 | Banco:  0 | Tipo: CODE | Mod:  0 | Tam:   151 bytes
[ 1] 0x0197 - 0x023D | Banco:  0 | Tipo: CODE | Mod:  1 | Tam:   166 bytes
[ 2] 0x023D - 0x027F | Banco:  0 | Tipo: CODE | Mod:  2 | Tam:    66 bytes
[ 3] 0x027F - 0x02DE | Banco:  0 | Tipo: CODE | Mod:  3 | Tam:    95 bytes
[ 4] 0x02DE - 0x031C | Banco:  0 | Tipo: CODE | Mod:  4 | Tam:    62 bytes

--- TABELA GLOBAL DE SÍMBOLOS ---
0x0100 [Banco  0] PROC Start
0x013E [Banco  0] PROC MsgIntro
0x016A [Banco  0] PROC MsgDone
0x0197 [Banco  0] PROC StrLen
0x01A5 [Banco  0] PROC StrCopy
0x01B5 [Banco  0] PROC StrToUpper
0x01CC [Banco  0] PROC PrintHex8
0x01D9 [Banco  0] PROC PrintNibble
0x01EA [Banco  0] PROC PrintHex16
0x01F5 [Banco  0] PROC PrintDec16
0x021F [Banco  0] PROC PrintDecDigit
0x023D [Banco  0] PROC Mul16
0x0252 [Banco  0] PROC Div16
0x027F [Banco  0] PROC PSG_Write
0x0285 [Banco  0] PROC PSG_Read
0x028A [Banco  0] PROC PSG_MuteAll
0x02A7 [Banco  0] PROC PSG_PlayTone
0x02DE [Banco  0] PROC BDOS_Call
0x02E2 [Banco  0] PROC BDOS_PrintChar
0x02F8 [Banco  0] PROC BDOS_PrintString
0x030E [Banco  0] PROC BDOS_ReadChar
0x0316 [Banco  0] PROC BDOS_Exit
